[INFO] Scanning for projects...
[INFO] 
[INFO] ------------------------< com.dtc:bus-tracker >-------------------------
[INFO] Building bus-tracker 0.0.1-SNAPSHOT
[INFO]   from pom.xml
[INFO] --------------------------------[ jar ]---------------------------------
[INFO] 
[INFO] >>> spring-boot:4.1.0:run (default-cli) > test-compile @ bus-tracker >>>
[INFO] 
[INFO] --- resources:3.5.0:resources (default-resources) @ bus-tracker ---
[INFO] Copying 5 resources from src\main\resources to target\classes
[INFO] Copying 1 resource from src\main\resources to target\classes
[INFO] 
[INFO] --- compiler:3.15.0:compile (default-compile) @ bus-tracker ---
[INFO] Nothing to compile - all classes are up to date.
[INFO] 
[INFO] --- resources:3.5.0:testResources (default-testResources) @ bus-tracker ---
[INFO] skip non existing resourceDirectory C:\Users\ROHIT JAIN\Desktop\bus\BusTracking\backend\src\test\resources
[INFO] 
[INFO] --- compiler:3.15.0:testCompile (default-testCompile) @ bus-tracker ---
[INFO] Nothing to compile - all classes are up to date.
[INFO] 
[INFO] <<< spring-boot:4.1.0:run (default-cli) < test-compile @ bus-tracker <<<
[INFO] 
[INFO] 
[INFO] --- spring-boot:4.1.0:run (default-cli) @ bus-tracker ---
[INFO] Attaching agents: []

  .   ____          _            __ _ _
 /\\ / ___'_ __ _ _(_)_ __  __ _ \ \ \ \
( ( )\___ | '_ | '_| | '_ \/ _` | \ \ \ \
 \\/  ___)| |_)| | | | | || (_| |  ) ) ) )
  '  |____| .__|_| |_|_| |_\__, | / / / /
 =========|_|==============|___/=/_/_/_/

 :: Spring Boot ::                (v4.1.0)

2026-09-30T13:26:37.744+05:30  INFO 12320 --- [bus-tracker] [  restartedMain] c.dtc.bus_tracker.BusTrackerApplication  : Starting BusTrackerApplication using Java 21.0.4 with PID 12320 (C:\Users\ROHIT JAIN\Desktop\bus\BusTracking\backend\target\classes started by ROHIT JAIN in C:\Users\ROHIT JAIN\Desktop\bus\BusTracking\backend)
2026-09-30T13:26:37.748+05:30  INFO 12320 --- [bus-tracker] [  restartedMain] c.dtc.bus_tracker.BusTrackerApplication  : The following 1 profile is active: "demo"
2026-09-30T13:26:37.908+05:30  INFO 12320 --- [bus-tracker] [  restartedMain] .e.DevToolsPropertyDefaultsPostProcessor : Devtools property defaults active! Set 'spring.devtools.add-properties' to 'false' to disable
2026-09-30T13:26:37.910+05:30  INFO 12320 --- [bus-tracker] [  restartedMain] .e.DevToolsPropertyDefaultsPostProcessor : For additional web related logging consider setting the 'logging.level.web' property to 'DEBUG'
2026-09-30T13:26:42.021+05:30  INFO 12320 --- [bus-tracker] [  restartedMain] .s.d.r.c.RepositoryConfigurationDelegate : Multiple Spring Data modules found, entering strict repository configuration mode
2026-09-30T13:26:42.025+05:30  INFO 12320 --- [bus-tracker] [  restartedMain] .s.d.r.c.RepositoryConfigurationDelegate : Bootstrapping Spring Data JPA repositories in DEFAULT mode.
2026-09-30T13:26:42.529+05:30  INFO 12320 --- [bus-tracker] [  restartedMain] .s.d.r.c.RepositoryConfigurationDelegate : Finished Spring Data repository scanning in 485 ms. Found 11 JPA repository interfaces.
2026-09-30T13:26:42.647+05:30  INFO 12320 --- [bus-tracker] [  restartedMain] .s.d.r.c.RepositoryConfigurationDelegate : Multiple Spring Data modules found, entering strict repository configuration mode
2026-09-30T13:26:42.657+05:30  INFO 12320 --- [bus-tracker] [  restartedMain] .s.d.r.c.RepositoryConfigurationDelegate : Bootstrapping Spring Data Redis repositories in DEFAULT mode.
2026-09-30T13:26:42.690+05:30  INFO 12320 --- [bus-tracker] [  restartedMain] .RepositoryConfigurationExtensionSupport : Spring Data Redis - Could not safely identify store assignment for repository candidate interface com.dtc.bus_tracker.repository.AdminUserRepository; If you want this repository to be a Redis repository, consider annotating your entities with one of these annotations: org.springframework.data.redis.core.RedisHash (preferred), or consider extending one of the following types with your repository: org.springframework.data.keyvalue.repository.KeyValueRepository
2026-09-30T13:26:42.693+05:30  INFO 12320 --- [bus-tracker] [  restartedMain] .RepositoryConfigurationExtensionSupport : Spring Data Redis - Could not safely identify store assignment for repository candidate interface com.dtc.bus_tracker.repository.BusLocationRepository; If you want this repository to be a Redis repository, consider annotating your entities with one of these annotations: org.springframework.data.redis.core.RedisHash (preferred), or consider extending one of the following types with your repository: org.springframework.data.keyvalue.repository.KeyValueRepository
2026-09-30T13:26:42.693+05:30  INFO 12320 --- [bus-tracker] [  restartedMain] .RepositoryConfigurationExtensionSupport : Spring Data Redis - Could not safely identify store assignment for repository candidate interface com.dtc.bus_tracker.repository.BusRepository; If you want this repository to be a Redis repository, consider annotating your entities with one of these annotations: org.springframework.data.redis.core.RedisHash (preferred), or consider extending one of the following types with your repository: org.springframework.data.keyvalue.repository.KeyValueRepository
2026-09-30T13:26:42.693+05:30  INFO 12320 --- [bus-tracker] [  restartedMain] .RepositoryConfigurationExtensionSupport : Spring Data Redis - Could not safely identify store assignment for repository candidate interface com.dtc.bus_tracker.repository.CameraOccupancyRepository; If you want this repository to be a Redis repository, consider annotating your entities with one of these annotations: org.springframework.data.redis.core.RedisHash (preferred), or consider extending one of the following types with your repository: org.springframework.data.keyvalue.repository.KeyValueRepository
2026-09-30T13:26:42.693+05:30  INFO 12320 --- [bus-tracker] [  restartedMain] .RepositoryConfigurationExtensionSupport : Spring Data Redis - Could not safely identify store assignment for repository candidate interface com.dtc.bus_tracker.repository.PassengerRepository; If you want this repository to be a Redis repository, consider annotating your entities with one of these annotations: org.springframework.data.redis.core.RedisHash (preferred), or consider extending one of the following types with your repository: org.springframework.data.keyvalue.repository.KeyValueRepository
2026-09-30T13:26:42.693+05:30  INFO 12320 --- [bus-tracker] [  restartedMain] .RepositoryConfigurationExtensionSupport : Spring Data Redis - Could not safely identify store assignment for repository candidate interface com.dtc.bus_tracker.repository.RouteRepository; If you want this repository to be a Redis repository, consider annotating your entities with one of these annotations: org.springframework.data.redis.core.RedisHash (preferred), or consider extending one of the following types with your repository: org.springframework.data.keyvalue.repository.KeyValueRepository
2026-09-30T13:26:42.695+05:30  INFO 12320 --- [bus-tracker] [  restartedMain] .RepositoryConfigurationExtensionSupport : Spring Data Redis - Could not safely identify store assignment for repository candidate interface com.dtc.bus_tracker.repository.SeatRepository; If you want this repository to be a Redis repository, consider annotating your entities with one of these annotations: org.springframework.data.redis.core.RedisHash (preferred), or consider extending one of the following types with your repository: org.springframework.data.keyvalue.repository.KeyValueRepository
2026-09-30T13:26:42.695+05:30  INFO 12320 --- [bus-tracker] [  restartedMain] .RepositoryConfigurationExtensionSupport : Spring Data Redis - Could not safely identify store assignment for repository candidate interface com.dtc.bus_tracker.repository.StopRepository; If you want this repository to be a Redis repository, consider annotating your entities with one of these annotations: org.springframework.data.redis.core.RedisHash (preferred), or consider extending one of the following types with your repository: org.springframework.data.keyvalue.repository.KeyValueRepository
2026-09-30T13:26:42.695+05:30  INFO 12320 --- [bus-tracker] [  restartedMain] .RepositoryConfigurationExtensionSupport : Spring Data Redis - Could not safely identify store assignment for repository candidate interface com.dtc.bus_tracker.repository.StopTimeRepository; If you want this repository to be a Redis repository, consider annotating your entities with one of these annotations: org.springframework.data.redis.core.RedisHash (preferred), or consider extending one of the following types with your repository: org.springframework.data.keyvalue.repository.KeyValueRepository
2026-09-30T13:26:42.695+05:30  INFO 12320 --- [bus-tracker] [  restartedMain] .RepositoryConfigurationExtensionSupport : Spring Data Redis - Could not safely identify store assignment for repository candidate interface com.dtc.bus_tracker.repository.TicketRepository; If you want this repository to be a Redis repository, consider annotating your entities with one of these annotations: org.springframework.data.redis.core.RedisHash (preferred), or consider extending one of the following types with your repository: org.springframework.data.keyvalue.repository.KeyValueRepository
2026-09-30T13:26:42.697+05:30  INFO 12320 --- [bus-tracker] [  restartedMain] .RepositoryConfigurationExtensionSupport : Spring Data Redis - Could not safely identify store assignment for repository candidate interface com.dtc.bus_tracker.repository.TripRepository; If you want this repository to be a Redis repository, consider annotating your entities with one of these annotations: org.springframework.data.redis.core.RedisHash (preferred), or consider extending one of the following types with your repository: org.springframework.data.keyvalue.repository.KeyValueRepository
2026-09-30T13:26:42.697+05:30  INFO 12320 --- [bus-tracker] [  restartedMain] .s.d.r.c.RepositoryConfigurationDelegate : Finished Spring Data repository scanning in 18 ms. Found 0 Redis repository interfaces.
2026-09-30T13:26:44.350+05:30  INFO 12320 --- [bus-tracker] [  restartedMain] o.s.boot.tomcat.TomcatWebServer          : Tomcat initialized with port 8080 (http)
2026-09-30T13:26:44.381+05:30  INFO 12320 --- [bus-tracker] [  restartedMain] o.apache.catalina.core.StandardService   : Starting service [Tomcat]
2026-09-30T13:26:44.381+05:30  INFO 12320 --- [bus-tracker] [  restartedMain] o.apache.catalina.core.StandardEngine    : Starting Servlet engine: [Apache Tomcat/11.0.22]
2026-09-30T13:26:44.488+05:30  INFO 12320 --- [bus-tracker] [  restartedMain] b.w.c.s.WebApplicationContextInitializer : Root WebApplicationContext: initialization completed in 6576 ms
2026-09-30T13:26:45.141+05:30  INFO 12320 --- [bus-tracker] [  restartedMain] org.hibernate.orm.jpa                    : HHH008540: Processing PersistenceUnitInfo [name: default]
2026-09-30T13:26:45.331+05:30  INFO 12320 --- [bus-tracker] [  restartedMain] org.hibernate.orm.core                   : HHH000001: Hibernate ORM core version 7.4.1.Final
2026-09-30T13:26:46.803+05:30  INFO 12320 --- [bus-tracker] [  restartedMain] o.s.o.j.p.SpringPersistenceUnitInfo      : No LoadTimeWeaver setup: ignoring JPA class transformer
2026-09-30T13:26:46.902+05:30  INFO 12320 --- [bus-tracker] [  restartedMain] com.zaxxer.hikari.HikariDataSource       : HikariPool-1 - Starting...
2026-09-30T13:26:48.305+05:30  INFO 12320 --- [bus-tracker] [  restartedMain] com.zaxxer.hikari.pool.HikariPool        : HikariPool-1 - Added connection conn0: url=jdbc:h2:file:./data/busdemo user=SA
2026-09-30T13:26:48.310+05:30  INFO 12320 --- [bus-tracker] [  restartedMain] com.zaxxer.hikari.HikariDataSource       : HikariPool-1 - Start completed.
2026-09-30T13:26:48.395+05:30  WARN 12320 --- [bus-tracker] [  restartedMain] org.hibernate.orm.deprecation            : HHH90000025: H2Dialect does not need to be specified explicitly using 'hibernate.dialect' (remove the property setting and it will be selected by default)
2026-09-30T13:26:48.468+05:30  INFO 12320 --- [bus-tracker] [  restartedMain] org.hibernate.orm.connections.pooling    : HHH10001005: Database info:
	Database JDBC URL [jdbc:h2:file:./data/busdemo]
	Database driver: H2 JDBC Driver
	Database dialect: H2Dialect
	Database version: 2.4.240
	Default catalog/schema: BUSDEMO/PUBLIC
	Autocommit mode: undefined/unknown
	Isolation level: READ_COMMITTED [default READ_COMMITTED]
	JDBC fetch size: 100
	Pool: DataSourceConnectionProvider
	Minimum pool size: undefined/unknown
	Maximum pool size: undefined/unknown
2026-09-30T13:26:54.508+05:30  INFO 12320 --- [bus-tracker] [  restartedMain] org.hibernate.orm.core                   : HHH000489: No JTA platform available (set 'hibernate.transaction.jta.platform' to enable JTA platform integration)
2026-09-30T13:26:56.827+05:30  INFO 12320 --- [bus-tracker] [  restartedMain] j.LocalContainerEntityManagerFactoryBean : Initialized JPA EntityManagerFactory for persistence unit 'default'
2026-09-30T13:26:57.085+05:30  INFO 12320 --- [bus-tracker] [  restartedMain] o.s.d.j.r.query.QueryEnhancerFactories   : Hibernate is in classpath; If applicable, HQL parser will be used.
2026-09-30T13:27:03.882+05:30  WARN 12320 --- [bus-tracker] [  restartedMain] JpaBaseConfiguration$JpaWebConfiguration : spring.jpa.open-in-view is enabled by default. Therefore, database queries may be performed during view rendering. Explicitly configure spring.jpa.open-in-view to disable this warning
2026-09-30T13:27:04.026+05:30  WARN 12320 --- [bus-tracker] [  restartedMain] .s.a.UserDetailsServiceAutoConfiguration : 

Using generated security password: 0a9fc75b-9a86-49bd-afe2-c378cdbd8373

This generated password is for development use only. Your security configuration must be updated before running your application in production.

2026-09-30T13:27:04.074+05:30  INFO 12320 --- [bus-tracker] [  restartedMain] r$InitializeUserDetailsManagerConfigurer : Global AuthenticationManager configured with UserDetailsService bean with name inMemoryUserDetailsManager
2026-09-30T13:27:05.585+05:30  INFO 12320 --- [bus-tracker] [  restartedMain] o.s.b.a.e.web.EndpointLinksResolver      : Exposing 3 endpoints beneath base path '/actuator'
2026-09-30T13:27:06.838+05:30  INFO 12320 --- [bus-tracker] [  restartedMain] o.s.m.s.b.SimpleBrokerMessageHandler     : Starting...
2026-09-30T13:27:06.839+05:30  INFO 12320 --- [bus-tracker] [  restartedMain] o.s.m.s.b.SimpleBrokerMessageHandler     : BrokerAvailabilityEvent[available=true, SimpleBrokerMessageHandler [org.springframework.messaging.simp.broker.DefaultSubscriptionRegistry@599e8c22]]
2026-09-30T13:27:06.840+05:30  INFO 12320 --- [bus-tracker] [  restartedMain] o.s.m.s.b.SimpleBrokerMessageHandler     : Started.
2026-09-30T13:27:06.867+05:30  INFO 12320 --- [bus-tracker] [  restartedMain] o.s.boot.tomcat.TomcatWebServer          : Tomcat started on port 8080 (http) with context path '/'
2026-09-30T13:27:06.888+05:30  INFO 12320 --- [bus-tracker] [  restartedMain] c.dtc.bus_tracker.BusTrackerApplication  : Started BusTrackerApplication in 30.549 seconds (process running for 33.982)
2026-09-30T13:27:07.200+05:30  INFO 12320 --- [bus-tracker] [nio-8080-exec-1] o.a.c.c.C.[Tomcat].[localhost].[/]       : Initializing Spring DispatcherServlet 'dispatcherServlet'
2026-09-30T13:27:07.201+05:30  INFO 12320 --- [bus-tracker] [nio-8080-exec-1] o.s.web.servlet.DispatcherServlet        : Initializing Servlet 'dispatcherServlet'
2026-09-30T13:27:07.207+05:30  INFO 12320 --- [bus-tracker] [nio-8080-exec-1] o.s.web.servlet.DispatcherServlet        : Completed initialization in 6 ms
GTFS already seeded, skipping import.
